<html>
<body>
<pre>
<h1>µVision Build Log</h1>
<h2>Tool Versions:</h2>
IDE-Version: µVision V5.30.0.0
Copyright (C) 2020 ARM Ltd and ARM Germany GmbH. All rights reserved.
License Information: Thuan Le, ThuanLe, LIC=03C74-FCW3L-VE0HA-1IMNG-CCLL2-09JL7
 
Tool Versions:
Toolchain:       MDK-ARM Plus  Version: 5.30.0.0
Toolchain Path:  C:\Keil_v5\ARM\ARMCC\Bin
C Compiler:      Armcc.exe V5.06 update 6 (build 750)
Assembler:       Armasm.exe V5.06 update 6 (build 750)
Linker/Locator:  ArmLink.exe V5.06 update 6 (build 750)
Library Manager: ArmAr.exe V5.06 update 6 (build 750)
Hex Converter:   FromElf.exe V5.06 update 6 (build 750)
CPU DLL:         SARMCM3.DLL V5.30.0.0
Dialog DLL:      DARMCM1.DLL V1.19.3.0
Target DLL:      UL2CM3.DLL V1.163.3.0
Dialog DLL:      TARMCM1.DLL V1.14.2.0
 
<h2>Project:</h2>
D:\02_Mega\06_Projects\10_BLE_Beacons\03_Software\02_Firmware\ble-st17h66_fw_power_consumption\example\ble_peripheral\simpleBlePeripheral\simpleBlePeripheral.uvprojx
Project File Date:  07/17/2021

<h2>Output:</h2>
*** Using Compiler 'V5.06 update 6 (build 750)', folder: 'C:\Keil_v5\ARM\ARMCC\Bin'
Rebuild target 'Target 1'
compiling main.c...
compiling my_printf.c...
compiling clock.c...
compiling timer.c...
compiling gpio.c...
compiling pwrmgr.c...
..\..\..\components\driver\pwrmgr\pwrmgr.c(30): warning:  #1215-D: #warning directive: "CONFIG FLASH ENABLE DEEP SLEEP !!!"
      #warning "CONFIG FLASH ENABLE DEEP SLEEP !!!"
..\..\..\components\driver\pwrmgr\pwrmgr.c: 1 warning, 0 errors
compiling uart.c...
compiling pwm.c...
compiling osal_snv.c...
compiling key.c...
compiling flash.c...
compiling gap.c...
compiling fs.c...
compiling adc.c...
compiling gapgattserver.c...
compiling peripheral.c...
compiling ota_app_service.c...
..\..\..\components\profiles\ota_app\ota_app_service.c(35): warning:  #550-D: variable "ota_key_register_flag"  was set but never used
  static uint8 ota_key_register_flag=0;
..\..\..\components\profiles\ota_app\ota_app_service.c(36): warning:  #550-D: variable "ota_key_check_flag"  was set but never used
  static uint8 ota_key_check_flag=0;
..\..\..\components\profiles\ota_app\ota_app_service.c: 2 warnings, 0 errors
compiling gattservapp.c...
compiling central.c...
compiling sbpProfile_ota.c...
source\sbpProfile_ota.c(79): warning:  #550-D: variable "ReadNotify_Len"  was set but never used
  static	uint8	ReadNotify_Len		=	0;
source\sbpProfile_ota.c: 1 warning, 0 errors
compiling battservice.c...
compiling gapbondmgr.c...
compiling SimpleBLEPeripheral_Main.c...
compiling devinfoservice.c...
compiling simpleBLEPeripheral.c...
compiling OSAL_SimpleBLEPeripheral.c...
compiling jump_table.c...
compiling ble_dvs_services.c...
source\ble_dvs_services.c(144): warning:  #144-D: a value of type "bStatus_t (*)(uint16, gattAttribute_t *, uint8 *, uint8 *, uint16, uint8)" cannot be used to initialize an entity of type "pfnGATTReadAttrCB_t"
    dss_read_attr_cb,
source\ble_dvs_services.c(145): warning:  #144-D: a value of type "bStatus_t (*)(uint16, gattAttribute_t *, uint8 *, uint8, uint16)" cannot be used to initialize an entity of type "pfnGATTWriteAttrCB_t"
    dss_write_attr_cb,
source\ble_dvs_services.c: 2 warnings, 0 errors
compiling ble_misc_services.c...
source\ble_misc_services.c(196): warning:  #144-D: a value of type "bStatus_t (*)(uint16, gattAttribute_t *, uint8 *, uint8 *, uint16, uint8)" cannot be used to initialize an entity of type "pfnGATTReadAttrCB_t"
    mcs_read_attr_cb,
source\ble_misc_services.c(197): warning:  #144-D: a value of type "bStatus_t (*)(uint16, gattAttribute_t *, uint8 *, uint8, uint16)" cannot be used to initialize an entity of type "pfnGATTWriteAttrCB_t"
    mcs_write_attr_cb,
source\ble_misc_services.c: 2 warnings, 0 errors
compiling damos_ram.c...
compiling ble_timer.c...
assembling startup_ARMCM0.s...
compiling bsp.c...
source\bsp.c(123): warning:  #188-D: enumerated type mixed with another type
      m_batt_value = hal_adc_value_cal(1, pev->data, pev->size, TRUE, FALSE);
source\bsp.c(58): warning:  #177-D: function "bsp_battery_init"  was declared but never referenced
  static int bsp_battery_init(void)
source\bsp.c: 2 warnings, 0 errors
compiling sys.c...
source\sys.c(67): warning:  #223-D: function "strlen" declared implicitly
    ble_set_device_name(g_dispenser.device_name, strlen((const char *)g_dispenser.device_name));
source\sys.c(26): warning:  #177-D: variable "m_hall_time"  was declared but never referenced
  static uint16_t m_hall_time        = 0;
source\sys.c: 2 warnings, 0 errors
compiling system_ARMCM0.c...
linking...
.\scatter_load.sct(15): warning: L6329W: Pattern rf_phy_driver.o(i.rf_phy_dtm*) only matches removed unused sections.
.\scatter_load.sct(16): warning: L6329W: Pattern rf_phy_driver.o(i.rf_phy_direct_*) only matches removed unused sections.
.\scatter_load.sct(40): warning: L6329W: Pattern sbpProfile_ota.o(RO) only matches removed unused sections.
.\scatter_load.sct(41): warning: L6329W: Pattern pwm.o(RO) only matches removed unused sections.
.\scatter_load.sct(42): warning: L6329W: Pattern ota_app_service.o(RO) only matches removed unused sections.
Program Size: Code=47596 RO-data=2024 RW-data=2564 ZI-data=10224  
Finished: 0 information, 5 warning and 0 error messages.
FromELF: creating hex file...
After Build - User command #1: fromelf.exe .\Objects\simpleBlePeripheral.axf --i32combined --output .\bin\simpleBlePeripheral.hex
After Build - User command #2: fromelf -c -a -d -e -v -o simpleBlePeripheral.asm ./Objects/simpleBlePeripheral.axf
".\Objects\simpleBlePeripheral.axf" - 0 Error(s), 17 Warning(s).

<h2>Software Packages used:</h2>

Package Vendor: ARM
                http://www.keil.com/pack/ARM.CMSIS.5.7.0.pack
                ARM.CMSIS.5.7.0
                CMSIS (Cortex Microcontroller Software Interface Standard)
   * Component: CORE Version: 5.4.0
   * Component: Startup Version: 1.2.2

<h2>Collection of Component include folders:</h2>
  .\RTE\_Target_1
  C:\Keil_v5\ARM\PACK\ARM\CMSIS\5.7.0\CMSIS\Core\Include
  C:\Keil_v5\ARM\PACK\ARM\CMSIS\5.7.0\Device\ARM\ARMCM0\Include

<h2>Collection of Component Files used:</h2>

   * Component: ARM::CMSIS:CORE:5.4.0

   * Component: ARM::Device:Startup:1.2.2
      Source file:   Device\ARM\ARMCM0\Source\ARM\startup_ARMCM0.s
      Include file:  Device\ARM\ARMCM0\Include\ARMCM0.h
      Source file:   Device\ARM\ARMCM0\Source\system_ARMCM0.c
Build Time Elapsed:  00:00:10
</pre>
</body>
</html>
